// Jest Snapshot v1, https://goo.gl/fbAQLP

exports[`Button unit tests should render correctly 1`] = `
<View
  accessibilityState={
    {
      "busy": undefined,
      "checked": undefined,
      "disabled": undefined,
      "expanded": undefined,
      "selected": undefined,
    }
  }
  accessibilityValue={
    {
      "max": undefined,
      "min": undefined,
      "now": undefined,
      "text": undefined,
    }
  }
  accessible={true}
  collapsable={false}
  focusable={true}
  onClick={[Function]}
  onResponderGrant={[Function]}
  onResponderMove={[Function]}
  onResponderRelease={[Function]}
  onResponderTerminate={[Function]}
  onResponderTerminationRequest={[Function]}
  onStartShouldSetResponder={[Function]}
  style={
    {
      "alignItems": "center",
      "backgroundColor": "#176B87",
      "margin": 8,
      "opacity": 1,
      "padding": 16,
      "paddingHorizontal": 32,
    }
  }
  testID="basetest_button_touchable"
>
  <Text
    style={
      {
        "color": "#FBFBFB",
        "fontFamily": "Quicksand-Bold",
        "fontSize": 15,
      }
    }
    testID="basetest_button_text"
  >
    test title
  </Text>
</View>
`;
