// Jest Snapshot v1, https://goo.gl/fbAQLP

exports[`SearchBar unit tests should render correctly 1`] = `
<View>
  <View>
    <View
      style={
        {
          "borderBottomColor": "#E1E1E1",
          "borderBottomWidth": 1,
          "margin": 16,
          "marginVertical": 8,
          "paddingBottom": 8,
          "paddingTop": 16,
        }
      }
    >
      <TextInput
        autoCapitalize="none"
        onChangeText={[Function]}
        placeholder="Search..."
        style={
          {
            "fontFamily": "Quicksand-Regular",
            "fontSize": 15,
            "padding": 0,
          }
        }
        testID="test_searchbar_input"
      />
    </View>
  </View>
</View>
`;
