// Jest Snapshot v1, https://goo.gl/fbAQLP

exports[`DateRangeSelector unit tests should render correctly 1`] = `
<View
  style={
    {
      "marginTop": 16,
      "padding": 16,
      "paddingHorizontal": 24,
    }
  }
>
  <View
    accessibilityState={
      {
        "busy": undefined,
        "checked": undefined,
        "disabled": undefined,
        "expanded": undefined,
        "selected": undefined,
      }
    }
    accessibilityValue={
      {
        "max": undefined,
        "min": undefined,
        "now": undefined,
        "text": undefined,
      }
    }
    accessible={true}
    collapsable={false}
    focusable={true}
    onClick={[Function]}
    onResponderGrant={[Function]}
    onResponderMove={[Function]}
    onResponderRelease={[Function]}
    onResponderTerminate={[Function]}
    onResponderTerminationRequest={[Function]}
    onStartShouldSetResponder={[Function]}
    style={
      {
        "alignItems": "center",
        "borderColor": "#FBFBFB",
        "borderWidth": 2,
        "justifyContent": "center",
        "margin": 8,
        "opacity": 1,
        "padding": 8,
      }
    }
    testID="daterangepicker_start_touchable"
  >
    <Text
      style={
        {
          "color": "#FBFBFB",
          "fontFamily": "Quicksand-Bold",
          "fontSize": 17,
        }
      }
    >
      01 Jan 2010
    </Text>
    <RNDatePicker
      date={2010-01-01T00:00:00.000Z}
      maximumDate={2010-01-01T00:00:00.000Z}
      modal={true}
      mode="date"
      onCancel={[Function]}
      onConfirm={[Function]}
      open={false}
      testID="daterangepicker_start_picker"
    />
  </View>
  <Text
    style={
      {
        "alignSelf": "center",
        "color": "#FBFBFB",
        "fontFamily": "Quicksand-Regular",
        "fontSize": 15,
      }
    }
  >
    to
  </Text>
  <View
    accessibilityState={
      {
        "busy": undefined,
        "checked": undefined,
        "disabled": undefined,
        "expanded": undefined,
        "selected": undefined,
      }
    }
    accessibilityValue={
      {
        "max": undefined,
        "min": undefined,
        "now": undefined,
        "text": undefined,
      }
    }
    accessible={true}
    collapsable={false}
    focusable={true}
    onClick={[Function]}
    onResponderGrant={[Function]}
    onResponderMove={[Function]}
    onResponderRelease={[Function]}
    onResponderTerminate={[Function]}
    onResponderTerminationRequest={[Function]}
    onStartShouldSetResponder={[Function]}
    style={
      {
        "alignItems": "center",
        "borderColor": "#FBFBFB",
        "borderWidth": 2,
        "justifyContent": "center",
        "margin": 8,
        "opacity": 1,
        "padding": 8,
      }
    }
    testID="daterangepicker_end_touchable"
  >
    <Text
      style={
        {
          "color": "#FBFBFB",
          "fontFamily": "Quicksand-Bold",
          "fontSize": 17,
        }
      }
    >
      01 Jan 2010
    </Text>
    <RNDatePicker
      date={2010-01-01T00:00:00.000Z}
      minimumDate={2010-01-01T00:00:00.000Z}
      modal={true}
      mode="date"
      onCancel={[Function]}
      onConfirm={[Function]}
      open={false}
      testID="daterangepicker_end_picker"
    />
  </View>
  <View
    style={
      {
        "marginTop": 16,
      }
    }
  />
  <View
    accessibilityState={
      {
        "busy": undefined,
        "checked": undefined,
        "disabled": undefined,
        "expanded": undefined,
        "selected": undefined,
      }
    }
    accessibilityValue={
      {
        "max": undefined,
        "min": undefined,
        "now": undefined,
        "text": undefined,
      }
    }
    accessible={true}
    collapsable={false}
    focusable={true}
    onClick={[Function]}
    onResponderGrant={[Function]}
    onResponderMove={[Function]}
    onResponderRelease={[Function]}
    onResponderTerminate={[Function]}
    onResponderTerminationRequest={[Function]}
    onStartShouldSetResponder={[Function]}
    style={
      {
        "alignItems": "center",
        "backgroundColor": "#176B87",
        "margin": 8,
        "opacity": 1,
        "padding": 16,
        "paddingHorizontal": 32,
      }
    }
    testID="daterangepicker_button_touchable"
  >
    <Text
      style={
        {
          "color": "#FBFBFB",
          "fontFamily": "Quicksand-Bold",
          "fontSize": 15,
        }
      }
      testID="daterangepicker_button_text"
    >
      Search
    </Text>
  </View>
</View>
`;
